// Jest Snapshot v1, https://goo.gl/fbAQLP

exports[`GovernmentServicesCustomFields should render correctly regardless of properties 1`] = `
<div>
  <label
    className="label-result"
  >
    Contact Name
  </label>
  <p>
     
    Alex
  </p>
  <label
    className="label-result"
  >
    Contact Phone Number
  </label>
  <p>
     
    123-123-1234
  </p>
</div>
`;
