// Jest Snapshot v1, https://goo.gl/fbAQLP

exports[`MemberHomeToShareCustomFields should render correctly regardless of properties 1`] = `
<div>
  <h1>
     
    Member Home To Share Mock data
     
  </h1>
  <p>
    General Location
     
    766 Rutland Rd. S.
  </p>
  <p>
    Home share monthly cost ($CAD)
     
    800
  </p>
  <p>
    Number of bedrooms available in home
     
    5
  </p>
  <p>
    Number of bathrooms in house
     
    3
  </p>
  <p>
    Utilities included
     
    yes
  </p>
  <p>
    Pet friendly
     
    no
  </p>
  <p>
    Smoking
     
    no
  </p>
  <p>
    Photos
  </p>
  <img
    alt=""
    src="HTC_Logo.jpg"
  />
</div>
`;
