// Jest Snapshot v1, https://goo.gl/fbAQLP

exports[`MemberHomeToShareCustomFields should render correctly regardless of properties 1`] = `
<div>
  <p>
    General Location
     
  </p>
  <p>
    Home share monthly cost ($CAD)
     
  </p>
  <p>
    Number of bedrooms available in home
     
  </p>
  <p>
    Number of bathrooms in house
     
  </p>
  <p>
    Utilities included
     
    no
  </p>
  <p>
    Pet friendly
     
    no
  </p>
  <p>
    Smoking
     
    no
  </p>
  <p>
    pictures
  </p>
  <img
    alt=""
    src="HTC_Logo.jpg"
  />
</div>
`;
