// Jest Snapshot v1, https://goo.gl/fbAQLP

exports[`MemberHomeToShareCustomFields should render correctly regardless of properties 1`] = `
<div>
  <label
    className="label-result"
  >
    General Location
  </label>
  <p>
     
    766 Rutland Rd. S.
  </p>
  <label
    className="label-result"
  >
    Home Share Monthly Cost (CAD)
  </label>
  <p>
     
    800
  </p>
  <label
    className="label-result"
  >
    Number of Bedrooms
  </label>
  <p>
     
    5
  </p>
  <label
    className="label-result"
  >
    Number of Bedrooms
  </label>
  <p>
     
    5
  </p>
  <label
    className="label-result"
  >
    Number of Bathrooms
  </label>
  <p>
     
    3
  </p>
  <label
    className="label-result"
  >
    Utilities included
  </label>
  <p>
     
  </p>
  <label
    className="label-result"
  >
    Pet friendly
  </label>
  <p>
     
  </p>
  <label
    className="label-result"
  >
    Smoke friendly
  </label>
  <p>
     
  </p>
  <label
    className="label-result"
  />
  <img
    alt=""
    src="HTC_Logo.jpg"
  />
</div>
`;
