// Jest Snapshot v1, https://goo.gl/fbAQLP

exports[`GovernmentServicesCustomFields should render correctly regardless of properties 1`] = `
<div>
  <h1
    className="page-title mb-5"
  >
     
     
  </h1>
   
  <br />
  <p>
    Rates and fees: 
     ($CAD)
  </p>
   
  <br />
  <p>
    Pictures (max of 6): 
  </p>
   
  <br />
  <img
    alt=""
    className="float-left w-24 h-auto mx-4 "
    src="HTC_Logo.jpg"
  />
   
  <br />
  <button
    className="btn btn-green mb-6 w-1/2 text-base py-2"
  >
    Giving Rate
  </button>
</div>
`;
