// Jest Snapshot v1, https://goo.gl/fbAQLP

exports[`Header Header structure should match snapshot test 1`] = `
<div>
  <nav
    className="top-0 flex w-full bg-green-400 tex-black"
  >
    <div
      className="container flex items-center justify-between w-full py-2 mx-auto mt-0 whitespace-no-wrap"
    >
      <div
        className="flex flex-no-wrap items-center ml-4"
      >
        <a
          className="text-lg font-bold lg:text-xl"
          href="/"
          onClick={[Function]}
        >
          Home Together Canada
        </a>
      </div>
      <div
        className="flex-no-wrap hidden w-full p-4 mt-2 tex-black lg:flex lg:items-center lg:w-auto lg:block lg:mt-0 lg:bg-transparent lg:p-0"
      >
        <div
          className="items-center justify-end flex-1 mr-16 list-reset lg:flex"
        >
          <a
            className="nav-icon"
            href="/members"
            onClick={[Function]}
          >
            Search Member Profiles
          </a>
          <a
            className="nav-icon"
            href="/services"
            onClick={[Function]}
          >
            Home Sharing Services
          </a>
          <a
            className="nav-icon"
            href="/classifieds"
            onClick={[Function]}
          >
            Local Classifieds
          </a>
          <a
            className="nav-icon"
            href="/faq"
            onClick={[Function]}
          >
            FAQ
          </a>
        </div>
        <a
          className="nav-btn"
          href="/login"
          onClick={[Function]}
        >
          Login
        </a>
        <a
          className="nav-btn"
          href="/registration"
          onClick={[Function]}
        >
          Sign Up
        </a>
      </div>
    </div>
    <hr
      className="py-0 my-0 border-b border-gray-200 opacity-25"
    />
  </nav>
</div>
`;
