// Jest Snapshot v1, https://goo.gl/fbAQLP

exports[`CohousingForm Snapshot test should render correctly regardless of properties 1`] = `
<div>
  <div
    className="col-start-1 col-end-7 py-5 px-5 m-6 bg-white shadow-lg rounded-xl"
  >
    <div
      className="grid grid-cols-2 gap-6"
    >
      <div
        className="col-span-3 sm:col-span-2"
      >
        <h1
          className="page-title mb-5"
        >
           
          Cohousing, Co-ops, Intergenerational, Planned Neighbourhoods
           
        </h1>
        <section>
          <label
            className="label"
          >
            Descriptive Title
          </label>
          <svg
            className="inline align-top text-red-600"
            fill="none"
            height="1em"
            stroke="currentColor"
            strokeWidth="0"
            style={
              Object {
                "color": undefined,
              }
            }
            viewBox="0 0 24 24"
            width="1em"
            xmlns="http://www.w3.org/2000/svg"
          >
            <path
              d="M11 6H13V10.079L16.3413 7.73938L17.4885 9.37768L13.7434 12L17.4885 14.6223L16.3413 16.2606L13 13.921V18H11V13.921L7.65864 16.2606L6.51148 14.6223L10.2565 12L6.51147 9.37769L7.65863 7.73938L11 10.079V6Z"
              fill="currentColor"
            />
          </svg>
          <input
            className="undefined input"
            disabled={false}
            onChange={[Function]}
            type="text"
          />
        </section>
        <div
          className="grid grid-cols-9 gap-x-6"
        >
          <section
            className="col-start-1 col-end-5"
          >
            <section>
              <label
                className="label"
              >
                Short Description (50 Characters)
              </label>
              <svg
                className="inline align-top text-red-600"
                fill="none"
                height="1em"
                stroke="currentColor"
                strokeWidth="0"
                style={
                  Object {
                    "color": undefined,
                  }
                }
                viewBox="0 0 24 24"
                width="1em"
                xmlns="http://www.w3.org/2000/svg"
              >
                <path
                  d="M11 6H13V10.079L16.3413 7.73938L17.4885 9.37768L13.7434 12L17.4885 14.6223L16.3413 16.2606L13 13.921V18H11V13.921L7.65864 16.2606L6.51148 14.6223L10.2565 12L6.51147 9.37769L7.65863 7.73938L11 10.079V6Z"
                  fill="currentColor"
                />
              </svg>
              <input
                className="undefined input"
                disabled={false}
                maxLength={
                  Object {
                    "SHORT_DESC_CHAR_COUNT": "50",
                  }
                }
                onChange={[Function]}
                type="text"
              />
            </section>
          </section>
          <section
            className="col-start-6 col-end-9"
          >
            <section>
              <label
                className="label"
              >
                Contact Name
              </label>
              <svg
                className="inline align-top text-red-600"
                fill="none"
                height="1em"
                stroke="currentColor"
                strokeWidth="0"
                style={
                  Object {
                    "color": undefined,
                  }
                }
                viewBox="0 0 24 24"
                width="1em"
                xmlns="http://www.w3.org/2000/svg"
              >
                <path
                  d="M11 6H13V10.079L16.3413 7.73938L17.4885 9.37768L13.7434 12L17.4885 14.6223L16.3413 16.2606L13 13.921V18H11V13.921L7.65864 16.2606L6.51148 14.6223L10.2565 12L6.51147 9.37769L7.65863 7.73938L11 10.079V6Z"
                  fill="currentColor"
                />
              </svg>
              <input
                className="undefined input"
                disabled={false}
                onChange={[Function]}
                type="text"
              />
            </section>
          </section>
          <section
            className="col-start-1 col-end-5"
          >
            <label
              className="label"
            >
              Number of units for sale
               
              <svg
                className="inline align-top text-red-600"
                fill="none"
                height="1em"
                stroke="currentColor"
                strokeWidth="0"
                style={
                  Object {
                    "color": undefined,
                  }
                }
                viewBox="0 0 24 24"
                width="1em"
                xmlns="http://www.w3.org/2000/svg"
              >
                <path
                  d="M11 6H13V10.079L16.3413 7.73938L17.4885 9.37768L13.7434 12L17.4885 14.6223L16.3413 16.2606L13 13.921V18H11V13.921L7.65864 16.2606L6.51148 14.6223L10.2565 12L6.51147 9.37769L7.65863 7.73938L11 10.079V6Z"
                  fill="currentColor"
                />
              </svg>
            </label>
            <input
              className="undefined input"
              min="0"
              onChange={[Function]}
              step="1"
              type="number"
            />
          </section>
          <section
            className="col-start-1 col-end-5"
          >
            <label
              className="label"
            >
              Number of units for rent
               
              <svg
                className="inline align-top text-red-600"
                fill="none"
                height="1em"
                stroke="currentColor"
                strokeWidth="0"
                style={
                  Object {
                    "color": undefined,
                  }
                }
                viewBox="0 0 24 24"
                width="1em"
                xmlns="http://www.w3.org/2000/svg"
              >
                <path
                  d="M11 6H13V10.079L16.3413 7.73938L17.4885 9.37768L13.7434 12L17.4885 14.6223L16.3413 16.2606L13 13.921V18H11V13.921L7.65864 16.2606L6.51148 14.6223L10.2565 12L6.51147 9.37769L7.65863 7.73938L11 10.079V6Z"
                  fill="currentColor"
                />
              </svg>
            </label>
            <input
              className="undefined input"
              min="0"
              onChange={[Function]}
              step="1"
              type="number"
            />
          </section>
        </div>
        <div>
          <label
            className="label"
          >
            Full Description
          </label>
          <svg
            className="inline align-top text-red-600"
            fill="none"
            height="1em"
            stroke="currentColor"
            strokeWidth="0"
            style={
              Object {
                "color": undefined,
              }
            }
            viewBox="0 0 24 24"
            width="1em"
            xmlns="http://www.w3.org/2000/svg"
          >
            <path
              d="M11 6H13V10.079L16.3413 7.73938L17.4885 9.37768L13.7434 12L17.4885 14.6223L16.3413 16.2606L13 13.921V18H11V13.921L7.65864 16.2606L6.51148 14.6223L10.2565 12L6.51147 9.37769L7.65863 7.73938L11 10.079V6Z"
              fill="currentColor"
            />
          </svg>
          <textarea
            className="undefined undefined input"
            cols="50"
            onChange={[Function]}
            rows="6"
          />
        </div>
      </div>
    </div>
  </div>
  <label>
    <input
      className="btn btn-green form-btn w-1/2"
      onClick={[Function]}
      type="submit"
    />
  </label>
</div>
`;
