// Jest Snapshot v1, https://goo.gl/fbAQLP

exports[`HomeServiceBusinessForm Snapshot test should render correctly regardless of properties 1`] = `
<div>
  <div
    className="col-start-1 col-end-7 py-5 px-5 m-6 bg-white shadow-lg rounded-xl"
  >
    <div
      className="grid grid-cols-2 gap-6"
    >
      <div
        className="col-span-3 sm:col-span-2"
      >
        <h1
          className="page-title mb-5"
        >
          Home Share Facilitation & Supporting Services
        </h1>
        <section>
          <label
            className="label"
          >
            Descriptive Title
          </label>
          <svg
            className="inline align-top text-red-600"
            fill="none"
            height="1em"
            stroke="currentColor"
            strokeWidth="0"
            style={
              Object {
                "color": undefined,
              }
            }
            viewBox="0 0 24 24"
            width="1em"
            xmlns="http://www.w3.org/2000/svg"
          >
            <path
              d="M11 6H13V10.079L16.3413 7.73938L17.4885 9.37768L13.7434 12L17.4885 14.6223L16.3413 16.2606L13 13.921V18H11V13.921L7.65864 16.2606L6.51148 14.6223L10.2565 12L6.51147 9.37769L7.65863 7.73938L11 10.079V6Z"
              fill="currentColor"
            />
          </svg>
          <input
            className="false undefined input"
            disabled={false}
            maxLength={75}
            onChange={[Function]}
            type="text"
            value=""
          />
        </section>
        <div
          className="grid grid-cols-9"
        >
          <section
            className="col-start-1 col-end-5"
          >
            <section>
              <label
                className="label"
              >
                Short Description (50 Characters)
              </label>
              <svg
                className="inline align-top text-red-600"
                fill="none"
                height="1em"
                stroke="currentColor"
                strokeWidth="0"
                style={
                  Object {
                    "color": undefined,
                  }
                }
                viewBox="0 0 24 24"
                width="1em"
                xmlns="http://www.w3.org/2000/svg"
              >
                <path
                  d="M11 6H13V10.079L16.3413 7.73938L17.4885 9.37768L13.7434 12L17.4885 14.6223L16.3413 16.2606L13 13.921V18H11V13.921L7.65864 16.2606L6.51148 14.6223L10.2565 12L6.51147 9.37769L7.65863 7.73938L11 10.079V6Z"
                  fill="currentColor"
                />
              </svg>
              <input
                className="false undefined input"
                disabled={false}
                maxLength={50}
                onChange={[Function]}
                type="text"
                value=""
              />
            </section>
          </section>
          <section
            className="col-start-6 col-end-10"
          >
            <section>
              <label
                className="label"
              >
                Rates and fees
              </label>
              <svg
                className="inline align-top text-red-600"
                fill="none"
                height="1em"
                stroke="currentColor"
                strokeWidth="0"
                style={
                  Object {
                    "color": undefined,
                  }
                }
                viewBox="0 0 24 24"
                width="1em"
                xmlns="http://www.w3.org/2000/svg"
              >
                <path
                  d="M11 6H13V10.079L16.3413 7.73938L17.4885 9.37768L13.7434 12L17.4885 14.6223L16.3413 16.2606L13 13.921V18H11V13.921L7.65864 16.2606L6.51148 14.6223L10.2565 12L6.51147 9.37769L7.65863 7.73938L11 10.079V6Z"
                  fill="currentColor"
                />
              </svg>
              <input
                className="false undefined input"
                disabled={false}
                maxLength={255}
                onChange={[Function]}
                type="text"
                value=""
              />
            </section>
          </section>
        </div>
        <div>
          <label
            className="label"
          >
            Full Description
          </label>
          <svg
            className="inline align-top text-red-600"
            fill="none"
            height="1em"
            stroke="currentColor"
            strokeWidth="0"
            style={
              Object {
                "color": undefined,
              }
            }
            viewBox="0 0 24 24"
            width="1em"
            xmlns="http://www.w3.org/2000/svg"
          >
            <path
              d="M11 6H13V10.079L16.3413 7.73938L17.4885 9.37768L13.7434 12L17.4885 14.6223L16.3413 16.2606L13 13.921V18H11V13.921L7.65864 16.2606L6.51148 14.6223L10.2565 12L6.51147 9.37769L7.65863 7.73938L11 10.079V6Z"
              fill="currentColor"
            />
          </svg>
          <textarea
            className="undefined undefined undefined input"
            cols="50"
            maxLength={2000}
            onChange={[Function]}
            rows="6"
            value=""
          />
        </div>
        <div>
          <label
            className="label"
          >
             Photos 
          </label>
          <p>
            Each listing can have a maximum 6 pictures. Please use SHIFT or CONTROL to select pictures at once. You can NOT upload pictures one at a time.
          </p>
          <div
            className="flex justify-center px-6 pt-5 pb-6 border-2 border-gray-300 border-dashed rounded-md"
          >
            <div
              className="space-y-1 text-center"
            >
              <svg
                aria-hidden="true"
                className="w-12 h-12 mx-auto text-gray-400"
                fill="none"
                stroke="currentColor"
                viewBox="0 0 48 48"
              >
                <path
                  d="M28 8H12a4 4 0 00-4 4v20m32-12v8m0 0v8a4 4 0 01-4 4H12a4 4 0 01-4-4v-4m32-4l-3.172-3.172a4 4 0 00-5.656 0L28 28M8 32l9.172-9.172a4 4 0 015.656 0L28 28m0 0l4 4m4-24h8m-4-4v8m-12 4h.02"
                  strokeLinecap="round"
                  strokeLinejoin="round"
                  strokeWidth="2"
                />
              </svg>
              <input
                accept="image/png, image/jpg, image/jpeg, image/JPG, image/JPEG"
                className="photo-upload-width photo-upload hover:text-indigo-500"
                multiple={true}
                name="logo"
                onChange={[Function]}
                type="file"
              />
              <p
                className="text-xs text-gray-500"
              >
                PNG or JPG up to 2MB
              </p>
            </div>
          </div>
        </div>
      </div>
    </div>
    <label>
      <input
        className="btn btn-green form-btn w-1/2"
        disabled={false}
        onClick={[Function]}
        type="submit"
      />
    </label>
  </div>
</div>
`;
