// Jest Snapshot v1, https://goo.gl/fbAQLP

exports[`ManageListing Snapshot test should render correctly regardless of properties 1`] = `
<div>
  <div
    className="w-2/3  false flex justify-center items-center mx-auto  text-center bg-white"
  >
    <div
      className="bg-white rounded-lg shadow-2xl"
    >
      <div
        className="border-red-600 flex w-96 rounded-lg border-t-8"
      >
        <div
          className="mt-5 p-10 mx-auto w-full"
        >
          <h1
            className="text-gray-800 h1"
          >
            No Live Listings
          </h1>
        </div>
      </div>
    </div>
  </div>
</div>
`;
