// Jest Snapshot v1, https://goo.gl/fbAQLP

exports[`BusinessRegistrationForm Snapshot test should render correctly regardless of properties 1`] = `
<div>
  <h1>
    Business Registration Form
  </h1>
  <hr />
  <form>
    <h2>
      Business Details
    </h2>
    <label>
      Business Name: 
      <input
        onChange={[Function]}
        placeholder=""
        type="text"
      />
    </label>
    <label>
      Business Email: 
      <input
        onChange={[Function]}
        placeholder=""
        type="text"
      />
    </label>
    <div>
      <label>
        Business Telephone Number: 
        <input
          name="first"
          onChange={[Function]}
          placeholder="555"
          type="text"
        />
      </label>
      <label>
        -
        <input
          name="middle"
          onChange={[Function]}
          placeholder="555"
          type="text"
        />
      </label>
      <label>
        -
        <input
          name="last"
          onChange={[Function]}
          placeholder="5555"
          type="text"
        />
      </label>
    </div>
    <div>
      <label>
        Business Cell Phone Number: 
        <input
          name="first"
          onChange={[Function]}
          placeholder="555"
          type="text"
        />
      </label>
      <label>
        -
        <input
          name="middle"
          onChange={[Function]}
          placeholder="555"
          type="text"
        />
      </label>
      <label>
        -
        <input
          name="last"
          onChange={[Function]}
          placeholder="5555"
          type="text"
        />
      </label>
    </div>
    <div>
      <label>
        Business Address: 
        <input
          name="street"
          onChange={[Function]}
          placeholder="Street Address"
          type="text"
        />
      </label>
      <label>
        Optional:
        <input
          name="aptNum"
          onChange={[Function]}
          placeholder="Apt, suite, floor # etc."
          type="text"
        />
      </label>
      <label>
        <input
          name="city"
          onChange={[Function]}
          placeholder="City"
          type="text"
        />
      </label>
      <div
        className="relative inline-block text-left"
      >
        <div
          className=""
          onClick={[Function]}
          onKeyPress={[Function]}
          role="button"
          tabIndex={0}
        >
          <span
            className=""
          >
            <p
              aria-expanded="true"
              aria-haspopup="true"
              className=""
              id="options-menu"
            >
              Province
               ↓ 
            </p>
          </span>
        </div>
      </div>
      <label>
        <input
          name="postalCode"
          onChange={[Function]}
          placeholder="Postal Code"
          type="text"
        />
      </label>
    </div>
    <label>
      Different Mailing Address? 
      <input
        onChange={[Function]}
        type="checkbox"
      />
    </label>
    <div>
      <span>
        Select nationwide if your service spans across Canada
      </span>
      <div>
        <label>
          Nation wide? 
          <input
            onChange={[Function]}
            type="checkbox"
          />
        </label>
        <div>
          <label>
            Address Shown on Map: 
            <input
              name="street"
              onChange={[Function]}
              placeholder="Street Address"
              type="text"
            />
          </label>
          <label>
            Optional:
            <input
              name="aptNum"
              onChange={[Function]}
              placeholder="Apt, suite, floor # etc."
              type="text"
            />
          </label>
          <label>
            <input
              name="city"
              onChange={[Function]}
              placeholder="City"
              type="text"
            />
          </label>
          <div
            className="relative inline-block text-left"
          >
            <div
              className=""
              onClick={[Function]}
              onKeyPress={[Function]}
              role="button"
              tabIndex={0}
            >
              <span
                className=""
              >
                <p
                  aria-expanded="true"
                  aria-haspopup="true"
                  className=""
                  id="options-menu"
                >
                  Province
                   ↓ 
                </p>
              </span>
            </div>
          </div>
          <label>
            <input
              name="postalCode"
              onChange={[Function]}
              placeholder="Postal Code"
              type="text"
            />
          </label>
        </div>
      </div>
    </div>
    <label>
      Business Logo: 
      <input
        type="button"
        value="Upload File"
      />
    </label>
    <label>
      Business Website: 
      <input
        type="text"
      />
    </label>
    <hr />
    <h2>
      Contact Person Details
    </h2>
    <label>
      First Name: 
      <input
        onChange={[Function]}
        placeholder=""
        type="text"
      />
    </label>
    <label>
      Last Name: 
      <input
        onChange={[Function]}
        placeholder=""
        type="text"
      />
    </label>
    <div>
      <label>
        Contact Phone Number: 
        <input
          name="first"
          onChange={[Function]}
          placeholder="555"
          type="text"
        />
      </label>
      <label>
        -
        <input
          name="middle"
          onChange={[Function]}
          placeholder="555"
          type="text"
        />
      </label>
      <label>
        -
        <input
          name="last"
          onChange={[Function]}
          placeholder="5555"
          type="text"
        />
      </label>
    </div>
    <hr />
    <h2>
      Account Details
    </h2>
    <div>
      <label>
        Username:
        <input
          onChange={[Function]}
          placeholder=""
          type="text"
        />
      </label>
      <label>
        Password:
        <input
          onChange={[Function]}
          placeholder=""
          type="password"
        />
      </label>
      <label>
        Confirm Password:
        <input
          onChange={[Function]}
          placeholder=""
          type="password"
        />
      </label>
    </div>
    <label>
      Next: 
      <input
        onClick={[Function]}
        type="submit"
        value="Submit"
      />
    </label>
    <hr />
  </form>
</div>
`;
