// Jest Snapshot v1, https://goo.gl/fbAQLP

exports[`PendingListingContainer Container test should match snapshot test regardless of the props 1`] = `
<div>
  <div>
    <h3
      className="account-summary-info-header"
    >
       
      Pending Listings
       
    </h3>
    <p
      className="account-summary-info-text"
    >
       
      Use the icons to the right of each listing to approve or reject them
       
    </p>
    <div
      className="ml-10 my-3"
    >
      <div>
        <ul
          className="flex m-auto w-2/3"
        >
          <li
            className="next-prev-text disabled"
          >
            <a
              aria-disabled="true"
              aria-label="Previous page"
              className="next-prev-link"
              onClick={[Function]}
              onKeyPress={[Function]}
              rel="prev"
              role="button"
              tabIndex="0"
            >
              Previous
            </a>
          </li>
          <li
            className="next-prev-text"
          >
            <a
              aria-disabled="false"
              aria-label="Next page"
              className="next-prev-link"
              onClick={[Function]}
              onKeyPress={[Function]}
              rel="next"
              role="button"
              tabIndex="0"
            >
              Next
            </a>
          </li>
        </ul>
      </div>
    </div>
  </div>
</div>
`;
