// Jest Snapshot v1, https://goo.gl/fbAQLP

exports[`ConfirmPassword Snapshot test should render correctly regardless of properties 1`] = `
<div>
  <div
    className="info-header mt-2 mb-6"
  >
     Change Password 
  </div>
  <label>
    <label
      className="label"
    >
      Old Password 
    </label>
    <input
      className="input"
      onChange={[Function]}
      type="password"
      value="an_old_password"
    />
  </label>
  <label>
    <label
      className="label"
    >
      New Password 
    </label>
    <input
      className="input"
      onChange={[Function]}
      type="password"
      value="a_new_password"
    />
  </label>
  <label>
    <label
      className="label"
    >
      Confirm New Password 
    </label>
    <input
      className="input"
      onChange={[Function]}
      type="password"
      value="a_new_password"
    />
  </label>
  <button
    className="btn btn-green"
    onClick={[MockFunction]}
  >
    Update
  </button>
</div>
`;
