// Jest Snapshot v1, https://goo.gl/fbAQLP

exports[`ConfirmPassword Snapshot test should render correctly regardless of properties 1`] = `
<div>
  <h3
    className="account-summary-info-header"
  >
     Change Password
  </h3>
  <p
    className="account-summary-info-text"
  >
    Remember, your password must be at least 8 characters long and contain a mix of numeric digits, upper and lower case letters!
  </p>
  <div
    className="selected-component-grid-outer"
  >
    <div
      className="selected-component-grid-inner"
    >
      <label>
        <label
          className="label"
        >
          Old Password 
        </label>
        <input
          className="input"
          maxLength={255}
          onChange={[Function]}
          type="password"
          value="an_old_password"
        />
      </label>
      <label>
        <label
          className="label"
        >
          New Password 
        </label>
        <input
          className="input"
          maxLength={255}
          onChange={[Function]}
          type="password"
          value="a_new_password"
        />
      </label>
      <label>
        <label
          className="label"
        >
          Confirm New Password 
        </label>
        <input
          className="input"
          maxLength={255}
          onChange={[Function]}
          type="password"
          value="a_new_password"
        />
      </label>
    </div>
  </div>
  <button
    className="btn btn-green form-btn w-1/2"
    onClick={[MockFunction]}
  >
    Update
  </button>
</div>
`;
