// Jest Snapshot v1, https://goo.gl/fbAQLP

exports[`RentalsCustomFields should render correctly regardless of properties 1`] = `
<div>
  <label
    className="label-result"
  >
    Price (CAD)
  </label>
  <p>
     
    800
  </p>
  <label
    className="label-result"
  >
    Number of Bedrooms
  </label>
  <p>
     
    5
  </p>
  <label
    className="label-result"
  >
    Number of Bathrooms
  </label>
  <p>
     
    3
  </p>
  <label
    className="label-result"
  >
    Furnished
  </label>
  <p>
     
  </p>
  <label
    className="label-result"
  >
    Pet friendly
  </label>
  <p>
     
  </p>
  <label
    className="label-result"
  >
    Smoking
  </label>
  <p>
     
  </p>
  <label
    className="label-result"
  >
    Pictures
  </label>
  <img
    alt=""
    src="HTC_Logo.jpg"
  />
</div>
`;
