// Jest Snapshot v1, https://goo.gl/fbAQLP

exports[`Address Snapshot test should render correctly regardless of properties 1`] = `
<div>
  testLabelString1
  <label>
    Address Line 1:
    <input
      name="street"
      onChange={[MockFunction]}
      placeholder="Street Address"
      type="text"
    />
  </label>
  <label>
    Optional:
    <input
      name="aptNum"
      onChange={[MockFunction]}
      placeholder="Apt, suite, floor # etc."
      type="text"
    />
  </label>
  <label>
    <input
      name="city"
      onChange={[MockFunction]}
      placeholder="City"
      type="text"
    />
  </label>
  <div
    className="relative inline-block text-left"
  >
    <div
      className=""
      onClick={[Function]}
      onKeyPress={[Function]}
      role="button"
      tabIndex={0}
    >
      <span
        className=""
      >
        <p
          aria-expanded="true"
          aria-haspopup="true"
          className=""
          id="options-menu"
        >
          Province
           ↓ 
        </p>
      </span>
    </div>
  </div>
  <label>
    <input
      name="postalCode"
      onChange={[MockFunction]}
      placeholder="Postal Code"
      type="text"
    />
  </label>
</div>
`;
