// Jest Snapshot v1, https://goo.gl/fbAQLP

exports[`ConfirmPassword Snapshot test should render correctly regardless of properties 1`] = `
<div>
  Change Password
  <label>
    Old Password: 
    <input
      onChange={[Function]}
      type="text"
      value="an_old_password"
    />
  </label>
  <label>
    New Password: 
    <input
      onChange={[Function]}
      type="text"
      value="a_new_password"
    />
  </label>
  <label>
    Confirm New Password: 
    <input
      onChange={[Function]}
      type="text"
      value="a_new_password"
    />
  </label>
  <label>
    Update
    <input
      onClick={[MockFunction]}
      type="button"
    />
  </label>
</div>
`;
