// Jest Snapshot v1, https://goo.gl/fbAQLP

exports[`ConfirmPassword Snapshot test should render correctly regardless of properties 1`] = `
<label>
  testLabelString1
  <label>
    Old Password: 
    <input
      className="testClassNameString"
      disabled={true}
      placeholder="oldPasswordString1"
      type="password"
    />
  </label>
  <label>
    New Password: 
    <input
      className="testClassNameString"
      disabled={false}
      onChange={[Function]}
      type="password"
    />
  </label>
  <label>
    Confirm New Password: 
    <input
      className="testClassNameString"
      disabled={false}
      onChange={[Function]}
      type="password"
    />
  </label>
  <label>
    Save: 
    <input
      className="testClassNameString"
      disabled={false}
      type="submit"
    />
  </label>
</label>
`;
