// Jest Snapshot v1, https://goo.gl/fbAQLP

exports[`Checkbox Snapshot test should render correctly regardless of properties 1`] = `
<div>
  <input
    checked={true}
    className="align-middle mt-3 mr-1 my-4 h-4 w-4 border-gray-300 rounded-lg"
    type="checkbox"
  />
  <label
    className="undefined label"
  >
    testLabelString1
  </label>
</div>
`;
