// Jest Snapshot v1, https://goo.gl/fbAQLP

exports[`Checkbox Snapshot test should render correctly regardless of properties 1`] = `
<div
  className="mb-4"
>
  <input
    checked={true}
    className="defaultCheckboxCSS"
    type="checkbox"
  />
  <label
    className="undefined label"
  >
    testLabelString1
  </label>
</div>
`;
