// Jest Snapshot v1, https://goo.gl/fbAQLP

exports[`SignInInfo Snapshot test should match stored snapshot 1`] = `
<div>
  <label>
    Username:
    <input
      placeholder=""
      type="text"
    />
  </label>
  <label>
    Password:
    <input
      placeholder=""
      type="password"
    />
  </label>
  <label>
    Confirm Password:
    <input
      placeholder=""
      type="password"
    />
  </label>
</div>
`;
