// Jest Snapshot v1, https://goo.gl/fbAQLP

exports[`SubmitButton Snapshot test should render correctly regardless of properties 1`] = `
<label>
  testLabelString1
  <input
    className="testClassNameString"
    disabled={false}
    onClick={[MockFunction]}
    type="submit"
    value="Submit"
  />
</label>
`;
