// Jest Snapshot v1, https://goo.gl/fbAQLP

exports[`TextArea Snapshot test should render correctly regardless of properties 1`] = `
<label>
  testLabelString1
  
  <input
    className="testClassNameString"
    disabled={false}
    placeholder="testPlaceholderString2"
    type="text"
  />
</label>
`;
