// Jest Snapshot v1, https://goo.gl/fbAQLP

exports[`YNButtons Snapshot test should render correctly regardless of properties 1`] = `
<div>
  <div>
    <label
      className="label text-base"
    >
      testLabelString1
    </label>
    
  </div>
  <label
    className="text-base text-gray-700 pr-8"
  >
    <input
      className="form-radio mt-2 ml-2 mr-1 mb-4"
      name="testName"
      type="radio"
      value="no"
    />
    No
  </label>
  <label
    className="text-base text-gray-700 pr-8"
  >
    <input
      className="form-radio mt-2 ml-2 mr-1 mb-4"
      name="testName"
      type="radio"
      value="yes"
    />
    Yes
  </label>
</div>
`;
