// Jest Snapshot v1, https://goo.gl/fbAQLP

exports[`YNButtons Snapshot test should render correctly regardless of properties 1`] = `
<div>
  <div>
    <label
      className="label text-base"
    >
      testLabelString1
    </label>
    
  </div>
  <span
    className="false"
  >
    <label
      className="text-base text-gray-700 pr-8"
    >
      <input
        checked={false}
        className="form-radio mt-2 ml-2 mr-1 pb-4"
        id="testName_false"
        name="testName"
        type="radio"
        value="no"
      />
      No
    </label>
  </span>
  <span
    className="false"
  >
    <label
      className="text-base text-gray-700 pr-8"
    >
      <input
        checked={false}
        className="form-radio mt-2 ml-2 mr-1 pb-4"
        id="testName_true"
        name="testName"
        type="radio"
        value="yes"
      />
      Yes
    </label>
  </span>
</div>
`;
