// Jest Snapshot v1, https://goo.gl/fbAQLP

exports[`Contact Snapshot Test should render correctly regardless of properties 1`] = `
<div
  className="tos-page-layout"
>
  <h1
    className="page-title"
  >
    Contact Us
  </h1>
  <h2
    className="point-title my-4"
  >
    This page is currently under development.
  </h2>
  <p
    className="text"
  >
    In the meantime, please direct all your questions, comments and concerns to Home Together Canada at: 
    <a
      className="link"
      href="mailto:hometogether.ca@gmail.com"
    >
      hometogether.ca@gmail.com
    </a>
  </p>
</div>
`;
